// Jest Snapshot v1, https://goo.gl/fbAQLP

exports[`renders learn react link 1`] = `
<div
  class="sc-bczRLJ gOqAgo"
>
  <h1>
    hello
  </h1>
</div>
`;
